---
source: src/ui.rs
expression: "format!(\"{:?}\", buffer)"
---
Buffer {
    area: Rect { x: 0, y: 0, width: 160, height: 30 },
    content: [
        "┌Docker Container CPU Monitor - 3 containers (↑/↓ to navigate, 'q' to quit)────────────────────────────────────────────────────────────────────────────────────┐",
        "│ID           Name                                          CPU %                        Memory %                     Net TX       Net RX       Status         │",
        "│                                                                                                                                                              │",
        "│container1   nginx                                         ███░░░░░░░░░░░░░░░░░  15.5%  █████░░░░░░░░░░░░░░░  25.0%  0B/s         0B/s         running        │",
        "│container2   postgres                                      █████████████░░░░░░░  65.2%  ██████████████░░░░░░  70.5%  0B/s         0B/s         running        │",
        "│container3   redis                                         ███████████████████░  92.8%  ██████████████████░░  88.3%  0B/s         0B/s         running        │",
        "│                                                                                                                                                              │",
        "│                                                                                                                                                              │",
        "│                                                                                                                                                              │",
        "│                                                                                                                                                              │",
        "│                                                                                                                                                              │",
        "│                                                                                                                                                              │",
        "│                                                                                                                                                              │",
        "│                                                                                                                                                              │",
        "│                                                                                                                                                              │",
        "│                                                                                                                                                              │",
        "│                                                                                                                                                              │",
        "│                                                                                                                                                              │",
        "│                                                                                                                                                              │",
        "│                                                                                                                                                              │",
        "│                                                                                                                                                              │",
        "│                                                                                                                                                              │",
        "│                                                                                                                                                              │",
        "│                                                                                                                                                              │",
        "│                                                                                                                                                              │",
        "│                                                                                                                                                              │",
        "│                                                                                                                                                              │",
        "│                                                                                                                                                              │",
        "│                                                                                                                                                              │",
        "└──────────────────────────────────────────────────────────────────────────────────────────────────────────────────────────────────────────────────────────────┘",
    ],
    styles: [
        x: 0, y: 0, fg: White, bg: Reset, underline: Reset, modifier: NONE,
        x: 1, y: 1, fg: Cyan, bg: Reset, underline: Reset, modifier: BOLD,
        x: 159, y: 1, fg: White, bg: Reset, underline: Reset, modifier: NONE,
        x: 60, y: 3, fg: Green, bg: Reset, underline: Reset, modifier: NONE,
        x: 88, y: 3, fg: White, bg: Reset, underline: Reset, modifier: NONE,
        x: 89, y: 3, fg: Green, bg: Reset, underline: Reset, modifier: NONE,
        x: 117, y: 3, fg: White, bg: Reset, underline: Reset, modifier: NONE,
        x: 60, y: 4, fg: Yellow, bg: Reset, underline: Reset, modifier: NONE,
        x: 88, y: 4, fg: White, bg: Reset, underline: Reset, modifier: NONE,
        x: 89, y: 4, fg: Yellow, bg: Reset, underline: Reset, modifier: NONE,
        x: 117, y: 4, fg: White, bg: Reset, underline: Reset, modifier: NONE,
        x: 60, y: 5, fg: Red, bg: Reset, underline: Reset, modifier: NONE,
        x: 88, y: 5, fg: White, bg: Reset, underline: Reset, modifier: NONE,
        x: 89, y: 5, fg: Red, bg: Reset, underline: Reset, modifier: NONE,
        x: 117, y: 5, fg: White, bg: Reset, underline: Reset, modifier: NONE,
    ]
}
